INFO:root:"Старт програми"
WARNING:root:"Мало пам'яті"
ERROR:root:"Помилка підключення"